<img src="image/PISTON AND CONN ROD.png" width="620" height="877" border="0" usemap="#map" />

<map name="map">
<area shape="circle" coords="186,420,20" target="1" href="/catalogue/PISTON AND CONN ROD/3811994/NOIMAGE.png" />
<area shape="circle" coords="20,621,20" target="2" href="/catalogue/PISTON AND CONN ROD/3013265/IMG_0716.png" />
<area shape="circle" coords="233,304,20" target="3" href="/catalogue/PISTON AND CONN ROD/3043909/NOIMAGE.png" />
<area shape="circle" coords="20,621,20" target="2" href="/catalogue/PISTON AND CONN ROD/3013265/IMG_0716.png" />
<area shape="circle" coords="24,495,20" target="4" href="/catalogue/PISTON AND CONN ROD/69558/NOIMAGE.png" />
<area shape="circle" coords="20,578,20" target="5" href="/catalogue/PISTON AND CONN ROD/205126/IMG_0710.png" />
<area shape="circle" coords="257,556,20" target="6" href="/catalogue/PISTON AND CONN ROD/205840/IMG_0558.png" />
<area shape="circle" coords="536,472,20" target="7" href="/catalogue/PISTON AND CONN ROD/205200/NOIMAGE.png" />
<area shape="circle" coords="584,471,20" target="8" href="/catalogue/PISTON AND CONN ROD/205269/NOIMAGE.png" />
<area shape="circle" coords="497,241,20" target="10" href="/catalogue/PISTON AND CONN ROD/3070589/NOIMAGE.png" />
<area shape="circle" coords="498,296,20" target="11" href="/catalogue/PISTON AND CONN ROD/3090460/IMG_0563.png" />
<area shape="circle" coords="486,399,20" target="12" href="/catalogue/PISTON AND CONN ROD/3090450/NOIMAGE.png" />
<area shape="circle" coords="492,473,20" target="9" href="/catalogue/PISTON AND CONN ROD/3096680/IMG_0560.png" />
</map>
